INFO:    Copyright (c) 2016-2021 CentraleSupélec & EDF.
INFO:    All rights reserved. This program and the accompanying materials
INFO:    are made available under the terms of the Eclipse Public License v2.0
INFO:    which accompanies this distribution, and is available at
INFO:    https://www.eclipse.org/legal/epl-v20.html
INFO:    
INFO:    This tool is part of RiseClipse.
INFO:    Contributors:
INFO:        Computer Science Department, CentraleSupélec
INFO:        EDF R&D
INFO:    Contacts:
INFO:        dominique.marcadet@centralesupelec.fr
INFO:        aurelie.dehouck-neveu@edf.fr
INFO:    Web site:
INFO:        https://riseclipse.github.io/
INFO:    
INFO:    RiseClipseValidatorSCL version: 1.1.0 a24 (15 october 2021)
INFO:    